{"parent":"animated_java:item/outfit/outfit","textures":{"0":"minecraft:block/outfits/lover/golden_layer_1","1":"minecraft:block/outfits/lover/heart_layer_1","2":"minecraft:block/outfits/lover/golden_layer_1","3":"minecraft:block/outfits/lover/violet_layer_1","4":"minecraft:block/outfits/lover/golden_boots_layer_1","5":"minecraft:block/outfits/lover/golden_boots_layer_1","6":"minecraft:block/outfits/blank","7":"minecraft:block/outfits/1989/blue_layer_1","8":"minecraft:block/outfits/1989/blue_layer_2","9":"minecraft:block/outfits/1989/green_layer_1","10":"minecraft:block/outfits/1989/green_layer_2","11":"minecraft:block/outfits/1989/orange_layer_1","12":"minecraft:block/outfits/1989/orange_layer_2","13":"minecraft:block/outfits/1989/pink_layer_1","14":"minecraft:block/outfits/1989/pink_layer_2"}}