{"parent":"animated_java:item/outfit/shoes","textures":{"0":"minecraft:block/outfits/lover/golden_layer_1","1":"minecraft:block/outfits/lover/heart_layer_1","2":"minecraft:block/outfits/lover/golden_layer_1","3":"minecraft:block/outfits/lover/violet_layer_1","4":"minecraft:block/outfits/lover/golden_boots_layer_1","5":"minecraft:block/outfits/lover/golden_boots_layer_1"}}