{"parent":"animated_java:item/outfit/waist","textures":{"2":"minecraft:block/outfits/lover/golden_layer_1","4":"minecraft:block/outfits/lover/golden_boots_layer_1"}}