{"parent":"animated_java:item/lover_guitar/base","textures":{"2":"minecraft:block/outfits/lover/golden_layer_1"}}