{"parent":"animated_java:item/lover_guitar/circle","textures":{"2":"minecraft:block/outfits/lover/golden_layer_1"}}