{"parent":"animated_java:item/lover_guitar/left_arm","textures":{"2":"minecraft:block/outfits/lover/golden_layer_1"}}