{
	"parent": "animated_java:item/lover_guitar/right_leg",
	"textures": {
		"1": "animated_java:item/lover_guitar/golden_layer_1",
		"5": "animated_java:item/lover_guitar/golden_boots_layer_1"
	}
}