{"parent":"animated_java:item/lover_guitar/shoes","textures":{"2":"minecraft:block/outfits/lover/golden_layer_1","3":"minecraft:block/outfits/lover/golden_boots_layer_1"}}